--------- beginning of main
07-29 23:48:08.570  7627  7627 I flutter : [WearVoiceControlService] subscribing to ASR results
07-29 23:48:08.570  7627  7627 I flutter : [STACK-DEBUG] HomeScreen: pushing WearModuleApp mock route
07-29 23:48:08.578  7627  7627 I flutter : [VOICE-LIFECYCLE] WearModuleApp initState
07-29 23:48:08.580  7627  7627 I flutter : [WearFlowController] uiLifecycle=WearUiLifecycle.active
07-29 23:48:08.585  7627  7627 I flutter : [ROUTER-CHANGE] matchedLocation=/wear_main_screen currentScreen=WearScreenId.scannerConnect
07-29 23:48:08.586  7627  7627 I flutter : [ROUTER-CHANGE] enterScreen WearScreenId.main
07-29 23:48:08.586  7627  7627 I flutter : [WearFlowController] state=WearFlowState(screen: WearScreenId.main, focusedIndex: 0, menuFocusedIndex: 0, isLoading: false, error: null, pendingNavigation: null)
07-29 23:48:08.586  7627  7627 I flutter : [WearFlowController] render glasses screen=WearScreenId.main
07-29 23:48:08.587  7627  7627 I flutter : [STACK-DEBUG] didPush: route=/wear_main_screen, previousRoute=null
07-29 23:48:08.609  7627  7627 I flutter : [WearModuleApp] post-frame voice start skipped: not authorized
07-29 23:48:08.611  7627  7627 I flutter : [WearVoiceSession] configureForScreen screen=WearScreenId.main mode=grammar
07-29 23:48:08.611  7627  7627 I flutter : [VOICE-ROUTE] route changed location=/wear_main_screen screen=WearScreenId.main diagnostics=SpeechRecognitionService{isListening=false, isSessionActive=false, isPrepared=false, freeTextEnabled=false, commandRecognizer=false, freeTextRecognizer=false, command={processedChunks=0, queueAvgMs=0, queueMaxMs=0, slowQueueChunks=0, recognizerAvgMs=0, recognizerMaxMs=0, slowRecognizerChunks=0}, freeText={processedChunks=0, queueAvgMs=0, queueMaxMs=0, slowQueueChunks=0, recognizerAvgMs=0, recognizerMaxMs=0, slowRecognizerChunks=0}, lastProcessedAgeMs=null, audio=AudioStreamService{captureId=0, isRunning=false, registeredDataConsumers=0, registeredPcmConsumers=0, receivedPcmPackets=0, lastChunkAgeMs=null, lastNonSilentAgeMs=null, continuousZeroAudioAgeMs=null, inputDevice=UAC4, startupWavPath=null startupWavBytes=null, runningForMs=null}}
07-29 23:48:08.611  7627  7627 I flutter : [VOICE_GRAMMAR] screen=WearScreenId.main routeRevision=2 grammarRevision=2 phrases=1 switchMs=0
07-29 23:48:08.611  7627  7627 I flutter : [SpeechRecognitionService] setFreeTextEnabled skipped enabled=false
07-29 23:48:08.637  7627  7627 I flutter : GlassesCoordinator: received method=updateWearGlasses, args={showWifiIcon: true, primaryAction: null, wifiAvailable: true, footerText: null, statusIcon: null, title: Авторизация, performanceTraceId: null, performanceRecognizedAtMillis: null, isError: false, showPrinterIcon: false, secondaryAction: null, screenType: auth, checkLines: [], wifiLevel: 3, performanceSentAtMillis: null, phase: scanning, bodyLines: [], printerAvailable: false, pageText: null, selectedIndex: 0, isLoading: false, voiceCommandsEnabled: true, subtitle: Наведите камеру на штрих-код, statusText: Поиск ШК..., performanceAsrMillis: null, performanceCommand: null, items: []}
07-29 23:48:08.637  7627  7627 I flutter : [WearGlassesCubit] payload received update#1 screen=auth selectedIndex=0 at=1785358088637
07-29 23:48:08.639  7627  7627 I flutter : GlassesCoordinator: received method=navigateToRoute, args=/wear
07-29 23:48:11.470  7627  7627 I flutter : [AUTH] handleLogoTap useAuthMock=true
07-29 23:48:11.470  7627  7627 I flutter : [AUTH] handleLogoTap using mock logo barcode
07-29 23:48:11.470  7627  7627 I flutter : [AUTH] authorizeByBadgeBarcode called, barcode: {"uuid": "be9f894e-bebe-11f0-ccaf-00e04c1521d1", "kiscode": "mmmkakoikiss", "version": 2}
07-29 23:48:11.470  7627  7627 I flutter : [AUTH] Starting authorization...
07-29 23:48:11.471  7627  7627 I flutter : [AUTH] Using mock authorization
07-29 23:48:11.474  7627  7627 I flutter : GlassesCoordinator: received method=updateWearGlasses, args={showWifiIcon: true, primaryAction: null, wifiAvailable: true, footerText: null, statusIcon: null, title: Авторизация, performanceTraceId: null, performanceRecognizedAtMillis: null, isError: false, showPrinterIcon: false, secondaryAction: null, screenType: auth, checkLines: [], wifiLevel: 3, performanceSentAtMillis: null, phase: loading, bodyLines: [], printerAvailable: false, pageText: null, selectedIndex: 0, isLoading: true, voiceCommandsEnabled: true, subtitle: null, statusText: Авторизуемся..., performanceAsrMillis: null, performanceCommand: null, items: []}
07-29 23:48:11.475  7627  7627 I flutter : [WearGlassesCubit] payload received update#2 screen=auth selectedIndex=0 at=1785358091475
07-29 23:48:11.823  7627  7627 I flutter : [WearModuleApp] voice start source=authorized
07-29 23:48:11.823  7627  7627 I flutter : [WearVoiceSession] start requested, isListening=false
07-29 23:48:11.823  7627  7627 I flutter : WearDependencies: VOSK warmup start
07-29 23:48:11.823  7627  7627 I flutter : [SpeechRecognitionService] lifecycle operation begin: prepare
07-29 23:48:11.824  7627  7627 I flutter : [SpeechRecognitionService] prepare begin isPrepared=false
07-29 23:48:11.824  7627  7627 I flutter : [SpeechRecognitionService] load model asset begin path=assets/vosk-model-small-ru-0.22.zip
07-29 23:48:11.824  7627  7627 I flutter : [SpeechRecognitionService] load model asset done path=/data/user/0/ru.tander.smart_glasses/app_flutter/models/vosk-model-small-ru-0.22
07-29 23:48:11.824  7627  7627 I flutter : [SpeechRecognitionService] create model begin
07-29 23:48:11.826  7627  7627 I flutter : GlassesCoordinator: received method=updateWearVoiceOverlay, args={phase: loadingModel, reason: start, visible: true, message: Подготовка
07-29 23:48:11.826  7627  7627 I flutter : голосового управления, version: 1, attempt: 0, revision: 1}
07-29 23:48:11.859  7627  7627 I flutter : [BACK-DEBUG] MainScreen._openOrReplaceStatus: pushing status, kind=WearStatusKind.success, title=Вошли как
07-29 23:48:11.861  7627  7627 I flutter : [ROUTER-CHANGE] matchedLocation=/wear_status_screen currentScreen=WearScreenId.main
07-29 23:48:11.861  7627  7627 I flutter : [ROUTER-CHANGE] enterScreen WearScreenId.status
07-29 23:48:11.861  7627  7627 I flutter : [WearFlowController] state=WearFlowState(screen: WearScreenId.status, focusedIndex: 0, menuFocusedIndex: 0, isLoading: false, error: null, pendingNavigation: null)
07-29 23:48:11.861  7627  7627 I flutter : [WearFlowController] render glasses screen=WearScreenId.status
07-29 23:48:11.862  7627  7627 I flutter : [VOICE-ROUTE] route changed location=/wear_status_screen screen=WearScreenId.status diagnostics=SpeechRecognitionService{isListening=false, isSessionActive=false, isPrepared=false, freeTextEnabled=false, commandRecognizer=false, freeTextRecognizer=false, command={processedChunks=0, queueAvgMs=0, queueMaxMs=0, slowQueueChunks=0, recognizerAvgMs=0, recognizerMaxMs=0, slowRecognizerChunks=0}, freeText={processedChunks=0, queueAvgMs=0, queueMaxMs=0, slowQueueChunks=0, recognizerAvgMs=0, recognizerMaxMs=0, slowRecognizerChunks=0}, lastProcessedAgeMs=null, audio=AudioStreamService{captureId=0, isRunning=false, registeredDataConsumers=0, registeredPcmConsumers=0, receivedPcmPackets=0, lastChunkAgeMs=null, lastNonSilentAgeMs=null, continuousZeroAudioAgeMs=null, inputDevice=UAC4, startupWavPath=null startupWavBytes=null, runningForMs=null}}
07-29 23:48:11.863  7627  7627 I flutter : [WearVoiceSession] configureForScreen screen=WearScreenId.status mode=grammar
07-29 23:48:11.863  7627  7627 I flutter : [VOICE_GRAMMAR] screen=WearScreenId.status routeRevision=3 grammarRevision=3 phrases=1 switchMs=0
07-29 23:48:11.864  7627  7627 I flutter : [SpeechRecognitionService] setFreeTextEnabled skipped enabled=false
07-29 23:48:11.868  7627  7627 I flutter : GlassesCoordinator: received method=updateWearGlasses, args={showWifiIcon: true, primaryAction: null, wifiAvailable: true, footerText: null, statusIcon: null, title: Статус, performanceTraceId: null, performanceRecognizedAtMillis: null, isError: false, showPrinterIcon: false, secondaryAction: null, screenType: status, checkLines: [], wifiLevel: 3, performanceSentAtMillis: null, phase: success, bodyLines: [], printerAvailable: false, pageText: null, selectedIndex: 0, isLoading: false, voiceCommandsEnabled: true, subtitle: null, statusText: Открываем экран..., performanceAsrMillis: null, performanceCommand: null, items: []}
07-29 23:48:11.868  7627  7627 I flutter : [WearGlassesCubit] payload received update#3 screen=status selectedIndex=0 at=1785358091868
07-29 23:48:11.870  7627  7627 I flutter : GlassesCoordinator: received method=updateWearVoiceOverlay, args={phase: loadingModel, reason: start, visible: true, message: Подготовка
07-29 23:48:11.870  7627  7627 I flutter : голосового управления, version: 1, attempt: 0, revision: 1}
07-29 23:48:11.883  7627  7627 I flutter : [STACK-DEBUG] didPush: route=/wear_status_screen, previousRoute=/wear_main_screen
07-29 23:48:11.885  7627  7627 I flutter : [ScreenLifecycle] WearStatusScreen appeared
07-29 23:48:11.886  7627  7627 I flutter : [WearFlowController] state=WearFlowState(screen: WearScreenId.status, focusedIndex: 0, menuFocusedIndex: 0, isLoading: false, error: null, pendingNavigation: null)
07-29 23:48:11.886  7627  7627 I flutter : [WearFlowController] render glasses screen=WearScreenId.status
07-29 23:48:11.886  7627  7627 I flutter : [BACK-DEBUG] WearStatusScreen: schedule auto action=WearStatusAutoAction.pop after=0:00:02.000000 title=Вошли как now=1785358091886 startedAt=1785358091886 deadline=1785358093886 remainingMs=2000
07-29 23:48:11.901  7627  7627 I flutter : GlassesCoordinator: received method=updateWearGlasses, args={showWifiIcon: true, primaryAction: null, wifiAvailable: true, footerText: null, statusIcon: null, title: Вошли как, performanceTraceId: null, performanceRecognizedAtMillis: null, isError: false, showPrinterIcon: false, secondaryAction: null, screenType: status, checkLines: [], wifiLevel: 3, performanceSentAtMillis: null, phase: success, bodyLines: [], printerAvailable: false, pageText: null, selectedIndex: 0, isLoading: false, voiceCommandsEnabled: true, subtitle: Колиус, statusText: Успешно, performanceAsrMillis: null, performanceCommand: null, items: []}
07-29 23:48:11.901  7627  7627 I flutter : [WearGlassesCubit] payload received update#4 screen=status selectedIndex=0 at=1785358091901
07-29 23:48:11.902  7627  7627 I flutter : GlassesCoordinator: received method=updateWearVoiceOverlay, args={phase: loadingModel, reason: start, visible: true, message: Подготовка
07-29 23:48:11.902  7627  7627 I flutter : голосового управления, version: 1, attempt: 0, revision: 1}
07-29 23:48:13.887  7627  7627 I flutter : [BACK-DEBUG] WearStatusScreen: auto action source=timer action=WearStatusAutoAction.pop after=0:00:02.000000, kind=WearStatusKind.success, title=Вошли как
07-29 23:48:13.888  7627  7627 I flutter : [ROUTER-CHANGE] matchedLocation=/wear_main_screen currentScreen=WearScreenId.status
07-29 23:48:13.888  7627  7627 I flutter : [ROUTER-CHANGE] enterScreen WearScreenId.main
07-29 23:48:13.888  7627  7627 I flutter : [WearFlowController] state=WearFlowState(screen: WearScreenId.main, focusedIndex: 0, menuFocusedIndex: 0, isLoading: false, error: null, pendingNavigation: null)
07-29 23:48:13.888  7627  7627 I flutter : [WearFlowController] render glasses screen=WearScreenId.main
07-29 23:48:13.888  7627  7627 I flutter : [STACK-DEBUG] didPop: route=/wear_status_screen, previousRoute=/wear_main_screen
07-29 23:48:13.889  7627  7627 I flutter : [BACK-DEBUG] MainScreen._openOrReplaceStatus: status popped back, session=1, _statusRouteSession=1, kind=WearStatusKind.success, isAuthorized=true
07-29 23:48:13.889  7627  7627 I flutter : [BACK-DEBUG] MainScreen: opening WearMenuScreen
07-29 23:48:13.889  7627  7627 I flutter : [ROUTER-CHANGE] matchedLocation=/wear_menu currentScreen=WearScreenId.main
07-29 23:48:13.889  7627  7627 I flutter : [ROUTER-CHANGE] enterScreen WearScreenId.menu
07-29 23:48:13.889  7627  7627 I flutter : [WearFlowController] state=WearFlowState(screen: WearScreenId.menu, focusedIndex: 0, menuFocusedIndex: 0, isLoading: false, error: null, pendingNavigation: null)
07-29 23:48:13.889  7627  7627 I flutter : [WearFlowController] render glasses screen=WearScreenId.menu
07-29 23:48:13.889  7627  7627 I flutter : [VOICE-ROUTE] route changed location=/wear_main_screen screen=WearScreenId.menu diagnostics=SpeechRecognitionService{isListening=false, isSessionActive=false, isPrepared=false, freeTextEnabled=false, commandRecognizer=false, freeTextRecognizer=false, command={processedChunks=0, queueAvgMs=0, queueMaxMs=0, slowQueueChunks=0, recognizerAvgMs=0, recognizerMaxMs=0, slowRecognizerChunks=0}, freeText={processedChunks=0, queueAvgMs=0, queueMaxMs=0, slowQueueChunks=0, recognizerAvgMs=0, recognizerMaxMs=0, slowRecognizerChunks=0}, lastProcessedAgeMs=null, audio=AudioStreamService{captureId=0, isRunning=false, registeredDataConsumers=0, registeredPcmConsumers=0, receivedPcmPackets=0, lastChunkAgeMs=null, lastNonSilentAgeMs=null, continuousZeroAudioAgeMs=null, inputDevice=UAC4, startupWavPath=null startupWavBytes=null, runningForMs=null}}
07-29 23:48:13.890  7627  7627 I flutter : [WearVoiceSession] configureForScreen screen=WearScreenId.menu mode=grammar
07-29 23:48:13.890  7627  7627 I flutter : [VOICE-ROUTE] route changed location=/wear_menu screen=WearScreenId.menu diagnostics=SpeechRecognitionService{isListening=false, isSessionActive=false, isPrepared=false, freeTextEnabled=false, commandRecognizer=false, freeTextRecognizer=false, command={processedChunks=0, queueAvgMs=0, queueMaxMs=0, slowQueueChunks=0, recognizerAvgMs=0, recognizerMaxMs=0, slowRecognizerChunks=0}, freeText={processedChunks=0, queueAvgMs=0, queueMaxMs=0, slowQueueChunks=0, recognizerAvgMs=0, recognizerMaxMs=0, slowRecognizerChunks=0}, lastProcessedAgeMs=null, audio=AudioStreamService{captureId=0, isRunning=false, registeredDataConsumers=0, registeredPcmConsumers=0, receivedPcmPackets=0, lastChunkAgeMs=null, lastNonSilentAgeMs=null, continuousZeroAudioAgeMs=null, inputDevice=UAC4, startupWavPath=null startupWavBytes=null, runningForMs=null}}
07-29 23:48:13.890  7627  7627 I flutter : [VOICE_GRAMMAR] screen=WearScreenId.menu routeRevision=4 grammarRevision=4 phrases=10 switchMs=0
07-29 23:48:13.890  7627  7627 I flutter : [SpeechRecognitionService] setFreeTextEnabled skipped enabled=false
07-29 23:48:13.891  7627  7627 I flutter : GlassesCoordinator: received method=updateWearGlasses, args={showWifiIcon: true, primaryAction: null, wifiAvailable: true, footerText: null, statusIcon: null, title: Выбор раздела, performanceTraceId: null, performanceRecognizedAtMillis: null, isError: false, showPrinterIcon: false, secondaryAction: null, screenType: menu, checkLines: [], wifiLevel: 3, performanceSentAtMillis: null, phase: idle, bodyLines: [], printerAvailable: false, pageText: null, selectedIndex: 0, isLoading: false, voiceCommandsEnabled: true, subtitle: null, statusText: null, performanceAsrMillis: null, performanceCommand: null, items: [Печать ценников, Доступность, Справка, Настройки]}
07-29 23:48:13.891  7627  7627 I flutter : [WearGlassesCubit] payload received update#5 screen=menu selectedIndex=0 at=1785358093891
07-29 23:48:13.895  7627  7627 I flutter : GlassesCoordinator: received method=updateWearVoiceOverlay, args={phase: loadingModel, reason: start, visible: true, message: Подготовка
07-29 23:48:13.895  7627  7627 I flutter : голосового управления, version: 1, attempt: 0, revision: 1}
07-29 23:48:13.910  7627  7627 I flutter : [STACK-DEBUG] didPush: route=/wear_menu, previousRoute=/wear_main_screen
07-29 23:48:13.910  7627  7627 I flutter : [STACK-DEBUG] didRemove: route=/wear_main_screen, previousRoute=null
07-29 23:48:13.912  7627  7627 I flutter : [ScreenLifecycle] WearMenuScreen appeared
07-29 23:48:13.912  7627  7627 I flutter : [WearFlowController] state=WearFlowState(screen: WearScreenId.menu, focusedIndex: 0, menuFocusedIndex: 0, isLoading: false, error: null, pendingNavigation: null)
07-29 23:48:13.912  7627  7627 I flutter : [WearFlowController] render glasses screen=WearScreenId.menu
07-29 23:48:13.958  7627  7627 I flutter : GlassesCoordinator: received method=updateWearGlasses, args={showWifiIcon: true, primaryAction: null, wifiAvailable: true, footerText: null, statusIcon: null, title: Выбор раздела, performanceTraceId: null, performanceRecognizedAtMillis: null, isError: false, showPrinterIcon: false, secondaryAction: null, screenType: menu, checkLines: [], wifiLevel: 3, performanceSentAtMillis: null, phase: idle, bodyLines: [], printerAvailable: false, pageText: null, selectedIndex: 0, isLoading: false, voiceCommandsEnabled: true, subtitle: null, statusText: null, performanceAsrMillis: null, performanceCommand: null, items: [Печать ценников, Доступность, Справка, Настройки]}
07-29 23:48:13.958  7627  7627 I flutter : [WearGlassesCubit] payload received update#6 screen=menu selectedIndex=0 at=1785358093958
07-29 23:48:13.961  7627  7627 I flutter : GlassesCoordinator: received method=updateWearVoiceOverlay, args={phase: loadingModel, reason: start, visible: true, message: Подготовка
07-29 23:48:13.961  7627  7627 I flutter : голосового управления, version: 1, attempt: 0, revision: 1}
07-29 23:48:14.342  7627  7627 I flutter : [SpeechRecognitionService] create model done
07-29 23:48:14.342  7627  7627 I flutter : [SpeechRecognitionService] prepare create recognizers begin
07-29 23:48:14.429  7627  7627 I flutter : [SpeechRecognitionService] applying command grammar size=10
07-29 23:48:14.432  7627  7627 I flutter : [SpeechRecognitionService] command recognizer ready durationMs=90
07-29 23:48:14.432  7627  7627 I flutter : [SpeechRecognitionService] prepare create recognizers done
07-29 23:48:14.432  7627  7627 I flutter : [SpeechRecognitionService] prepare done
07-29 23:48:14.432  7627  7627 I flutter : [SpeechRecognitionService] lifecycle operation done: prepare
07-29 23:48:14.432  7627  7627 I flutter : WearDependencies: VOSK warmup done
07-29 23:48:14.432  7627  7627 I flutter : [SpeechRecognitionService] lifecycle operation begin: startListening
07-29 23:48:14.432  7627  7627 I flutter : [SpeechRecognitionService] startListening called, _isListening=false, diagnostics=SpeechRecognitionService{isListening=false, isSessionActive=false, isPrepared=true, freeTextEnabled=false, commandRecognizer=true, freeTextRecognizer=false, command={processedChunks=0, queueAvgMs=0, queueMaxMs=0, slowQueueChunks=0, recognizerAvgMs=0, recognizerMaxMs=0, slowRecognizerChunks=0}, freeText={processedChunks=0, queueAvgMs=0, queueMaxMs=0, slowQueueChunks=0, recognizerAvgMs=0, recognizerMaxMs=0, slowRecognizerChunks=0}, lastProcessedAgeMs=null, audio=AudioStreamService{captureId=0, isRunning=false, registeredDataConsumers=0, registeredPcmConsumers=0, receivedPcmPackets=0, lastChunkAgeMs=null, lastNonSilentAgeMs=null, continuousZeroAudioAgeMs=null, inputDevice=UAC4, startupWavPath=null startupWavBytes=null, runningForMs=null}}
07-29 23:48:14.432  7627  7627 I flutter : [SpeechRecognitionService] requesting microphone permission...
07-29 23:48:14.433  7627  7627 I flutter : GlassesCoordinator: received method=updateWearVoiceOverlay, args={phase: startingRecorder, reason: start_recorder, visible: true, message: Настраиваем
07-29 23:48:14.433  7627  7627 I flutter : микрофон очков, version: 1, attempt: 0, revision: 2}
07-29 23:48:14.438  7627  7627 I flutter : [SpeechRecognitionService] permission result: true
07-29 23:48:14.438  7627  7627 I flutter : [SpeechRecognitionService] permission durationMs=6
07-29 23:48:14.438  7627  7627 I flutter : [SpeechRecognitionService] preparing model...
07-29 23:48:14.438  7627  7627 I flutter : [SpeechRecognitionService] starting session...
07-29 23:48:14.438  7627  7627 I flutter : [SpeechRecognitionService] adding audio callback...
07-29 23:48:14.438  7627  7627 I flutter : [SpeechRecognitionService] starting audio stream...
07-29 23:48:14.451  7627  7627 I flutter : [ScreenLifecycle] WearStatusScreen disappeared
07-29 23:48:14.462  7627  7627 I flutter : [AudioStreamService] continuous WAV recording path=/storage/emulated/0/Android/data/ru.tander.smart_glasses/files/voice_capture/ssp_mono_1785358094452.wav
07-29 23:48:16.632  7627  7627 I flutter : [AudioStreamService] startup audio diagnostics armed durationMs=10000 intervalMs=500
07-29 23:48:16.633  7627  7627 I flutter : [VoiceCapture#1] startup WAV armed path=/data/user/0/ru.tander.smart_glasses/cache/voice_capture/capture_1_1785358096632_uac4.wav
07-29 23:48:16.633  7627  7627 I flutter : [VoiceCapture#1] start at 1785358096632 profile=uac4
07-29 23:48:16.633  7627  7627 I flutter : [VoiceCapture#1] control started; waiting for PCM
07-29 23:48:16.633  7627  7627 I flutter : [SpeechRecognitionService] audio stream start durationMs=2195
07-29 23:48:16.633  7627  7627 I flutter : [SpeechRecognitionService] now listening: SpeechRecognitionService{isListening=true, isSessionActive=true, isPrepared=true, freeTextEnabled=false, commandRecognizer=true, freeTextRecognizer=false, command={processedChunks=0, queueAvgMs=0, queueMaxMs=0, slowQueueChunks=0, recognizerAvgMs=0, recognizerMaxMs=0, slowRecognizerChunks=0}, freeText={processedChunks=0, queueAvgMs=0, queueMaxMs=0, slowQueueChunks=0, recognizerAvgMs=0, recognizerMaxMs=0, slowRecognizerChunks=0}, lastProcessedAgeMs=null, audio=AudioStreamService{captureId=1, isRunning=true, registeredDataConsumers=0, registeredPcmConsumers=1, receivedPcmPackets=0, lastChunkAgeMs=null, lastNonSilentAgeMs=null, continuousZeroAudioAgeMs=null, inputDevice=UAC4, startupWavPath=/data/user/0/ru.tander.smart_glasses/cache/voice_capture/capture_1_1785358096632_uac4.wav startupWavBytes=0, runningForMs=1}}
07-29 23:48:16.633  7627  7627 I flutter : [SpeechRecognitionService] lifecycle operation done: startListening
07-29 23:48:17.182  7627  7627 I flutter : [VoiceCapture#1] startup audio offsetMs=550 receivedPcmPackets=1 rawRms=0.00000 rawPeak=0.00000 postGainRms=0.00000 postGainPeak=0.00000 windowMaxRms=0.00000 windowMaxPeak=0.00000
07-29 23:48:17.182  7627  7627 I flutter : [VoiceCapture#1] chunk#1 bytes=1024 registeredDataConsumers=0 registeredPcmConsumers=1 rawRms=0.00000 rawPeak=0.00000 postGainRms=0.00000 postGainPeak=0.00000 at=1785358097182
07-29 23:48:17.282  7627  7627 I flutter : GlassesCoordinator: received method=updateWearVoiceOverlay, args={phase: waitingForAudioRoute, reason: startup_exact_zero_pcm, visible: true, message: Подключаем
07-29 23:48:17.282  7627  7627 I flutter : микрофон очков, version: 1, attempt: 0, revision: 3}
07-29 23:48:17.691  7627  7627 I flutter : [VoiceCapture#1] startup audio offsetMs=1059 receivedPcmPackets=17 rawRms=0.00000 rawPeak=0.00000 postGainRms=0.00000 postGainPeak=0.00000 windowMaxRms=0.00000 windowMaxPeak=0.00000
07-29 23:48:17.787  7627  7627 I flutter : [SpeechRecognitionService] VAD_CALIBRATED captureEpoch=1 noiseFloorRms=0.00020 p10=0.00000 p50=0.00000 p90=0.00000 adaptiveOnRms=0.00250 adaptiveOffRms=0.00130
07-29 23:48:18.208  7627  7627 I flutter : [VoiceCapture#1] startup audio offsetMs=1576 receivedPcmPackets=17 rawRms=0.00000 rawPeak=0.00000 postGainRms=0.00000 postGainPeak=0.00000 windowMaxRms=0.00000 windowMaxPeak=0.00000
07-29 23:48:18.722  7627  7627 I flutter : [VoiceCapture#1] startup audio offsetMs=2090 receivedPcmPackets=15 rawRms=0.00000 rawPeak=0.00000 postGainRms=0.00000 postGainPeak=0.00000 windowMaxRms=0.00000 windowMaxPeak=0.00000
07-29 23:48:19.239  7627  7627 I flutter : [VoiceCapture#1] startup audio offsetMs=2606 receivedPcmPackets=17 rawRms=0.00000 rawPeak=0.00000 postGainRms=0.00000 postGainPeak=0.00000 windowMaxRms=0.00000 windowMaxPeak=0.00000
07-29 23:48:19.738  7627  7627 I flutter : [VoiceCapture#1] startup audio offsetMs=3106 receivedPcmPackets=15 rawRms=0.00000 rawPeak=0.00000 postGainRms=0.00000 postGainPeak=0.00000 windowMaxRms=0.00000 windowMaxPeak=0.00000
07-29 23:48:20.260  7627  7627 I flutter : [VoiceCapture#1] startup audio offsetMs=3628 receivedPcmPackets=17 rawRms=0.00000 rawPeak=0.00000 postGainRms=0.00000 postGainPeak=0.00000 windowMaxRms=0.00000 windowMaxPeak=0.00000
07-29 23:48:20.769  7627  7627 I flutter : [VoiceCapture#1] startup audio offsetMs=4137 receivedPcmPackets=16 rawRms=0.00000 rawPeak=0.00000 postGainRms=0.00000 postGainPeak=0.00000 windowMaxRms=0.00000 windowMaxPeak=0.00000
07-29 23:48:21.275  7627  7627 I flutter : [VoiceCapture#1] startup audio offsetMs=4643 receivedPcmPackets=15 rawRms=0.00000 rawPeak=0.00000 postGainRms=0.00000 postGainPeak=0.00000 windowMaxRms=0.00000 windowMaxPeak=0.00000
07-29 23:48:21.783  7627  7627 I flutter : [VoiceCapture#1] startup audio offsetMs=5151 receivedPcmPackets=16 rawRms=0.00000 rawPeak=0.00000 postGainRms=0.00000 postGainPeak=0.00000 windowMaxRms=0.00000 windowMaxPeak=0.00000
07-29 23:48:22.287  7627  7627 I flutter : [VoiceCapture#1] startup audio offsetMs=5655 receivedPcmPackets=15 rawRms=0.00000 rawPeak=0.00000 postGainRms=0.00000 postGainPeak=0.00000 windowMaxRms=0.00000 windowMaxPeak=0.00000
07-29 23:48:22.800  7627  7627 I flutter : [VoiceCapture#1] startup audio offsetMs=6168 receivedPcmPackets=17 rawRms=0.00000 rawPeak=0.00000 postGainRms=0.00000 postGainPeak=0.00000 windowMaxRms=0.00000 windowMaxPeak=0.00000
07-29 23:48:23.149  7627  7627 I flutter : [WearVoiceSession] capture ready lastAudioAtMillis=1785358103135 chunks=191 stabilizedForMs=6513
07-29 23:48:23.149  7627  7627 I flutter : [WearVoiceSession] started: SpeechRecognitionService{isListening=true, isSessionActive=true, isPrepared=true, freeTextEnabled=false, commandRecognizer=true, freeTextRecognizer=false, command={processedChunks=0, queueAvgMs=0, queueMaxMs=0, slowQueueChunks=0, recognizerAvgMs=0, recognizerMaxMs=0, slowRecognizerChunks=0}, freeText={processedChunks=0, queueAvgMs=0, queueMaxMs=0, slowQueueChunks=0, recognizerAvgMs=0, recognizerMaxMs=0, slowRecognizerChunks=0}, lastProcessedAgeMs=null, audio=AudioStreamService{captureId=1, isRunning=true, registeredDataConsumers=0, registeredPcmConsumers=1, receivedPcmPackets=191, lastChunkAgeMs=2, lastNonSilentAgeMs=2, continuousZeroAudioAgeMs=null, inputDevice=UAC4, startupWavPath=/data/user/0/ru.tander.smart_glasses/cache/voice_capture/capture_1_1785358096632_uac4.wav startupWavBytes=195584, runningForMs=6517}}
07-29 23:48:23.149  7627  7627 I flutter : [WearFlowController] render glasses screen=WearScreenId.menu
07-29 23:48:23.150  7627  7627 I flutter : GlassesCoordinator: received method=updateWearVoiceOverlay, args={phase: ready, reason: start_ready, visible: false, message: null, version: 1, attempt: 0, revision: 4}
07-29 23:48:23.152  7627  7627 I flutter : GlassesCoordinator: received method=updateWearGlasses, args={showWifiIcon: true, primaryAction: null, wifiAvailable: true, footerText: null, statusIcon: null, title: Выбор раздела, performanceTraceId: null, performanceRecognizedAtMillis: null, isError: false, showPrinterIcon: false, secondaryAction: null, screenType: menu, checkLines: [], wifiLevel: 3, performanceSentAtMillis: null, phase: idle, bodyLines: [], printerAvailable: false, pageText: null, selectedIndex: 0, isLoading: false, voiceCommandsEnabled: true, subtitle: null, statusText: null, performanceAsrMillis: null, performanceCommand: null, items: [Печать ценников, Доступность, Справка, Настройки]}
07-29 23:48:23.152  7627  7627 I flutter : [WearGlassesCubit] payload received update#7 screen=menu selectedIndex=0 at=1785358103152
07-29 23:48:23.311  7627  7627 I flutter : [VoiceCapture#1] startup audio offsetMs=6679 receivedPcmPackets=16 rawRms=0.00085 rawPeak=0.00217 postGainRms=0.00085 postGainPeak=0.00217 windowMaxRms=0.00085 windowMaxPeak=0.00275
07-29 23:48:23.396  7627  7627 I flutter : [VoiceCapture#1] chunk#200 bytes=1024 registeredDataConsumers=0 registeredPcmConsumers=1 rawRms=0.02191 rawPeak=0.07593 postGainRms=0.02191 postGainPeak=0.07593 at=1785358103396
07-29 23:48:23.396  7627  7627 I flutter : [SpeechRecognitionService] VAD_START captureEpoch=1 segmentId=1 chunkId=319 captureAgeMs=6764 rawRms=0.01238 noiseFloorRms=0.00043 adaptiveOnRms=0.00250 adaptiveOffRms=0.00130
07-29 23:48:23.397  7627  7627 I flutter : [SpeechRecognitionService] processing source=command chunk#1 bytes=640 queueDelayMs=0 epoch=null
07-29 23:48:23.812  7627  7627 I flutter : [VoiceCapture#1] startup audio offsetMs=7180 receivedPcmPackets=15 rawRms=0.00746 rawPeak=0.02689 postGainRms=0.00746 postGainPeak=0.02689 windowMaxRms=0.03074 windowMaxPeak=0.08514
07-29 23:48:24.325  7627  7627 I flutter : [VoiceCapture#1] startup audio offsetMs=7693 receivedPcmPackets=16 rawRms=0.00081 rawPeak=0.00229 postGainRms=0.00081 postGainPeak=0.00229 windowMaxRms=0.00513 windowMaxPeak=0.01544
07-29 23:48:24.405  7627  7627 I flutter : [SpeechRecognitionService] VAD_ENDPOINT captureEpoch=1 segmentId=1 chunkId=368 captureAgeMs=7773 rawRms=0.00066 noiseFloorRms=0.00043 adaptiveOnRms=0.00250 adaptiveOffRms=0.00130
07-29 23:48:24.440  7627  7627 I flutter : [VOICE_COMMAND] captureEpoch=1 acousticSegmentId=1 commandUtteranceId=4 routeRevision=4 grammarRevision=4 screen=menu kind=partial text="" command=null
07-29 23:48:24.445  7627  7627 I flutter : [VOICE_BOUNDARY] utteranceEndOwner=vad_silence commandUtteranceId=4 text="" forcedCloseMs=34 naturalEndpointWon=false recognizerReplaced=false
07-29 23:48:24.841  7627  7627 I flutter : [VoiceCapture#1] startup audio offsetMs=8209 receivedPcmPackets=16 rawRms=0.00070 rawPeak=0.00247 postGainRms=0.00070 postGainPeak=0.00247 windowMaxRms=0.00078 windowMaxPeak=0.00272
07-29 23:48:25.108  7627  7627 I flutter : [VoiceCapture#1] startup WAV saved path=/data/user/0/ru.tander.smart_glasses/cache/voice_capture/capture_1_1785358096632_uac4.wav pcmBytes=256000
07-29 23:48:25.341  7627  7627 I flutter : [VoiceCapture#1] startup audio offsetMs=8709 receivedPcmPackets=16 rawRms=0.00076 rawPeak=0.00241 postGainRms=0.00076 postGainPeak=0.00241 windowMaxRms=0.00083 windowMaxPeak=0.00296
07-29 23:48:25.856  7627  7627 I flutter : [VoiceCapture#1] startup audio offsetMs=9224 receivedPcmPackets=16 rawRms=0.00087 rawPeak=0.00259 postGainRms=0.00087 postGainPeak=0.00259 windowMaxRms=0.00094 windowMaxPeak=0.00281
07-29 23:48:26.155  7627  7627 I flutter : [WearVoiceSession] health-check reason=periodic_voice_health isListening=true lastAudioAgeMs=11 lastNonSilentAudioAgeMs=0 continuousZeroAudioAgeMs=null diagnostics=SpeechRecognitionService{isListening=true, isSessionActive=true, isPrepared=true, freeTextEnabled=false, commandRecognizer=true, freeTextRecognizer=false, command={processedChunks=60, queueAvgMs=4, queueMaxMs=32, slowQueueChunks=0, recognizerAvgMs=3, recognizerMaxMs=33, slowRecognizerChunks=0}, freeText={processedChunks=0, queueAvgMs=0, queueMaxMs=0, slowQueueChunks=0, recognizerAvgMs=0, recognizerMaxMs=0, slowRecognizerChunks=0}, lastProcessedAgeMs=1747, audio=AudioStreamService{captureId=1, isRunning=true, registeredDataConsumers=0, registeredPcmConsumers=1, receivedPcmPackets=285, lastChunkAgeMs=0, lastNonSilentAgeMs=0, continuousZeroAudioAgeMs=null, inputDevice=UAC4, startupWavPath=/data/user/0/ru.tander.smart_glasses/cache/voice_capture/capture_1_1785358096632_uac4.wav startupWavBytes=256000, runningForMs=9523}}
07-29 23:48:26.370  7627  7627 I flutter : [VoiceCapture#1] startup audio offsetMs=9738 receivedPcmPackets=16 rawRms=0.00076 rawPeak=0.00235 postGainRms=0.00076 postGainPeak=0.00235 windowMaxRms=0.00088 windowMaxPeak=0.00269
07-29 23:48:26.459  7627  7627 I flutter : [SpeechRecognitionService] VAD_START captureEpoch=1 segmentId=2 chunkId=471 captureAgeMs=9827 rawRms=0.00260 noiseFloorRms=0.00073 adaptiveOnRms=0.00250 adaptiveOffRms=0.00130
07-29 23:48:26.971  7627  7627 I flutter : [SpeechRecognitionService] VAD_ENDPOINT captureEpoch=1 segmentId=2 chunkId=496 captureAgeMs=10339 rawRms=0.00073 noiseFloorRms=0.00073 adaptiveOnRms=0.00250 adaptiveOffRms=0.00130
07-29 23:48:26.994  7627  7627 I flutter : [VOICE_COMMAND] captureEpoch=1 acousticSegmentId=2 commandUtteranceId=5 routeRevision=4 grammarRevision=4 screen=menu kind=partial text="" command=null
07-29 23:48:26.999  7627  7627 I flutter : [VOICE_BOUNDARY] utteranceEndOwner=vad_silence commandUtteranceId=5 text="" forcedCloseMs=25 naturalEndpointWon=false recognizerReplaced=false
07-29 23:48:27.139  7627  7627 I flutter : [SpeechRecognitionService] VAD_START captureEpoch=1 segmentId=3 chunkId=500 captureAgeMs=10507 rawRms=0.01090 noiseFloorRms=0.00073 adaptiveOnRms=0.00250 adaptiveOffRms=0.00130
07-29 23:48:27.713  7627  7627 I flutter : [VOSK][PARTIAL][command] вниз at 1785358107713 (queueDelayMs=5, acceptMs=35, partialMs=6, chunkTotalMs=41)
07-29 23:48:27.713  7627  7627 I flutter : [VOICE_COMMAND] captureEpoch=1 acousticSegmentId=3 commandUtteranceId=6 routeRevision=4 grammarRevision=4 screen=menu kind=partial text="вниз" command=WearVoiceCommand.down
07-29 23:48:27.714  7627  7627 I flutter : [WearVoiceControlService] emitting#1 partial command: WearVoiceCommand.down hasListener=false acousticSpeechToCommandMs=575 decoderUtteranceOpenAgeMs=575
07-29 23:48:27.714  7627  7627 I flutter : [WearModuleApp] voice command received command=WearVoiceCommand.down screen=WearScreenId.menu at=1785358107714
07-29 23:48:27.714  7627  7627 I flutter : [WearFlowController] command=WearVoiceCommand.down state=WearFlowState(screen: WearScreenId.menu, focusedIndex: 0, menuFocusedIndex: 0, isLoading: false, error: null, pendingNavigation: null)
07-29 23:48:27.714  7627  7627 I flutter : [WearFlowController] state=WearFlowState(screen: WearScreenId.menu, focusedIndex: 1, menuFocusedIndex: 1, isLoading: false, error: null, pendingNavigation: null)
07-29 23:48:27.714  7627  7627 I flutter : [WearFlowController] render glasses screen=WearScreenId.menu
07-29 23:48:27.714  7627  7627 I flutter : [WearModuleApp] voice command handled command=WearVoiceCommand.down screen=WearScreenId.menu durationMs=0
07-29 23:48:27.717  7627  7627 I flutter : GlassesCoordinator: received method=updateWearGlasses, args={showWifiIcon: true, primaryAction: null, wifiAvailable: true, footerText: null, statusIcon: null, title: Выбор раздела, performanceTraceId: 1:3:1, performanceRecognizedAtMillis: 1785358107714, isError: false, showPrinterIcon: false, secondaryAction: null, screenType: menu, checkLines: [], wifiLevel: 3, performanceSentAtMillis: 1785358107714, phase: idle, bodyLines: [], printerAvailable: false, pageText: null, selectedIndex: 1, isLoading: false, voiceCommandsEnabled: true, subtitle: null, statusText: null, performanceAsrMillis: 575, performanceCommand: down, items: [Печать ценников, Доступность, Справка, Настройки]}
07-29 23:48:27.717  7627  7627 I flutter : [WearGlassesCubit] payload received update#8 screen=menu selectedIndex=1 at=1785358107717
07-29 23:48:27.736  7627  7627 I flutter : [WEAR_PERF] trace=1:3:1 cmd=down asrMs=575 commandToSendMs=0 bridgeMs=3 renderMs=19 totalMs=22 screen=menu index=1
07-29 23:48:28.155  7627  7627 I flutter : [SpeechRecognitionService] VAD_ENDPOINT captureEpoch=1 segmentId=3 chunkId=552 captureAgeMs=11523 rawRms=0.00082 noiseFloorRms=0.00073 adaptiveOnRms=0.00250 adaptiveOffRms=0.00130
07-29 23:48:28.224  7627  7627 I flutter : [VOICE_COMMAND] captureEpoch=1 acousticSegmentId=3 commandUtteranceId=6 routeRevision=4 grammarRevision=4 screen=menu kind=streamFinal text="вниз" command=WearVoiceCommand.down
07-29 23:48:28.225  7627  7627 I flutter : [VOICE_COMMAND] captureEpoch=1 acousticSegmentId=3 commandUtteranceId=6 routeRevision=4 grammarRevision=4 screen=menu kind=partial text="" command=null
07-29 23:48:28.230  7627  7627 I flutter : [VOICE_BOUNDARY] utteranceEndOwner=vad_silence commandUtteranceId=6 text="вниз" forcedCloseMs=32 naturalEndpointWon=false recognizerReplaced=false
07-29 23:48:28.270  7627  7627 I flutter : [SpeechRecognitionService] VAD_START captureEpoch=1 segmentId=4 chunkId=560 captureAgeMs=11638 rawRms=0.00930 noiseFloorRms=0.00075 adaptiveOnRms=0.00250 adaptiveOffRms=0.00130
07-29 23:48:28.751  7627  7627 I flutter : [VOSK][PARTIAL][command] вниз at 1785358108751 (queueDelayMs=3, acceptMs=28, partialMs=5, chunkTotalMs=33)
07-29 23:48:28.752  7627  7627 I flutter : [VOICE_COMMAND] captureEpoch=1 acousticSegmentId=4 commandUtteranceId=7 routeRevision=4 grammarRevision=4 screen=menu kind=partial text="вниз" command=WearVoiceCommand.down
07-29 23:48:28.752  7627  7627 I flutter : [WearVoiceControlService] emitting#2 partial command: WearVoiceCommand.down hasListener=false acousticSpeechToCommandMs=482 decoderUtteranceOpenAgeMs=482
07-29 23:48:28.752  7627  7627 I flutter : [WearModuleApp] voice command received command=WearVoiceCommand.down screen=WearScreenId.menu at=1785358108752
07-29 23:48:28.753  7627  7627 I flutter : [WearFlowController] command=WearVoiceCommand.down state=WearFlowState(screen: WearScreenId.menu, focusedIndex: 1, menuFocusedIndex: 1, isLoading: false, error: null, pendingNavigation: null)
07-29 23:48:28.753  7627  7627 I flutter : [WearFlowController] state=WearFlowState(screen: WearScreenId.menu, focusedIndex: 2, menuFocusedIndex: 2, isLoading: false, error: null, pendingNavigation: null)
07-29 23:48:28.753  7627  7627 I flutter : [WearFlowController] render glasses screen=WearScreenId.menu
07-29 23:48:28.753  7627  7627 I flutter : [WearModuleApp] voice command handled command=WearVoiceCommand.down screen=WearScreenId.menu durationMs=1
07-29 23:48:28.755  7627  7627 I flutter : GlassesCoordinator: received method=updateWearGlasses, args={showWifiIcon: true, primaryAction: null, wifiAvailable: true, footerText: null, statusIcon: null, title: Выбор раздела, performanceTraceId: 1:4:2, performanceRecognizedAtMillis: 1785358108752, isError: false, showPrinterIcon: false, secondaryAction: null, screenType: menu, checkLines: [], wifiLevel: 3, performanceSentAtMillis: 1785358108753, phase: idle, bodyLines: [], printerAvailable: false, pageText: null, selectedIndex: 2, isLoading: false, voiceCommandsEnabled: true, subtitle: null, statusText: null, performanceAsrMillis: 482, performanceCommand: down, items: [Печать ценников, Доступность, Справка, Настройки]}
07-29 23:48:28.755  7627  7627 I flutter : [WearGlassesCubit] payload received update#9 screen=menu selectedIndex=2 at=1785358108755
07-29 23:48:28.767  7627  7627 I flutter : [WEAR_PERF] trace=1:4:2 cmd=down asrMs=482 commandToSendMs=1 bridgeMs=2 renderMs=12 totalMs=15 screen=menu index=2
07-29 23:48:29.051  7627  7627 I flutter : [SpeechRecognitionService] processing source=command chunk#200 bytes=640 queueDelayMs=5 epoch=null
07-29 23:48:29.153  7627  7627 I flutter : [WearVoiceSession] health-check reason=periodic_voice_health isListening=true lastAudioAgeMs=87 lastNonSilentAudioAgeMs=0 continuousZeroAudioAgeMs=null diagnostics=SpeechRecognitionService{isListening=true, isSessionActive=true, isPrepared=true, freeTextEnabled=false, commandRecognizer=true, freeTextRecognizer=false, command={processedChunks=201, queueAvgMs=5, queueMaxMs=51, slowQueueChunks=0, recognizerAvgMs=3, recognizerMaxMs=41, slowRecognizerChunks=0}, freeText={processedChunks=0, queueAvgMs=0, queueMaxMs=0, slowQueueChunks=0, recognizerAvgMs=0, recognizerMaxMs=0, slowRecognizerChunks=0}, lastProcessedAgeMs=89, audio=AudioStreamService{captureId=1, isRunning=true, registeredDataConsumers=0, registeredPcmConsumers=1, receivedPcmPackets=376, lastChunkAgeMs=89, lastNonSilentAgeMs=89, continuousZeroAudioAgeMs=null, inputDevice=UAC4, startupWavPath=/data/user/0/ru.tander.smart_glasses/cache/voice_capture/capture_1_1785358096632_uac4.wav startupWavBytes=256000, runningForMs=12520}}
07-29 23:48:29.317  7627  7627 I flutter : [SpeechRecognitionService] VAD_ENDPOINT captureEpoch=1 segmentId=4 chunkId=614 captureAgeMs=12685 rawRms=0.00083 noiseFloorRms=0.00075 adaptiveOnRms=0.00250 adaptiveOffRms=0.00130
07-29 23:48:29.364  7627  7627 I flutter : [VOICE_COMMAND] captureEpoch=1 acousticSegmentId=4 commandUtteranceId=7 routeRevision=4 grammarRevision=4 screen=menu kind=streamFinal text="вниз" command=WearVoiceCommand.down
07-29 23:48:29.364  7627  7627 I flutter : [VOICE_COMMAND] captureEpoch=1 acousticSegmentId=4 commandUtteranceId=7 routeRevision=4 grammarRevision=4 screen=menu kind=partial text="" command=null
07-29 23:48:29.369  7627  7627 I flutter : [VOICE_BOUNDARY] utteranceEndOwner=vad_silence commandUtteranceId=7 text="вниз" forcedCloseMs=48 naturalEndpointWon=false recognizerReplaced=false
07-29 23:48:29.717  7627  7627 I flutter : [SpeechRecognitionService] VAD_START captureEpoch=1 segmentId=5 chunkId=630 captureAgeMs=13085 rawRms=0.01580 noiseFloorRms=0.00082 adaptiveOnRms=0.00250 adaptiveOffRms=0.00130
07-29 23:48:29.797  7627  7627 I flutter : [VoiceCapture#1] chunk#400 bytes=1024 registeredDataConsumers=0 registeredPcmConsumers=1 rawRms=0.03330 rawPeak=0.07962 postGainRms=0.03330 postGainPeak=0.07962 at=1785358109797
07-29 23:48:30.277  7627  7627 I flutter : [VOSK][PARTIAL][command] вверх at 1785358110277 (queueDelayMs=0, acceptMs=18, partialMs=2, chunkTotalMs=20)
07-29 23:48:30.278  7627  7627 I flutter : [VOICE_COMMAND] captureEpoch=1 acousticSegmentId=5 commandUtteranceId=8 routeRevision=4 grammarRevision=4 screen=menu kind=partial text="вверх" command=WearVoiceCommand.up
07-29 23:48:30.278  7627  7627 I flutter : [WearVoiceControlService] emitting#3 partial command: WearVoiceCommand.up hasListener=false acousticSpeechToCommandMs=561 decoderUtteranceOpenAgeMs=561
07-29 23:48:30.279  7627  7627 I flutter : [WearModuleApp] voice command received command=WearVoiceCommand.up screen=WearScreenId.menu at=1785358110279
07-29 23:48:30.279  7627  7627 I flutter : [WearFlowController] command=WearVoiceCommand.up state=WearFlowState(screen: WearScreenId.menu, focusedIndex: 2, menuFocusedIndex: 2, isLoading: false, error: null, pendingNavigation: null)
07-29 23:48:30.279  7627  7627 I flutter : [WearFlowController] state=WearFlowState(screen: WearScreenId.menu, focusedIndex: 1, menuFocusedIndex: 1, isLoading: false, error: null, pendingNavigation: null)
07-29 23:48:30.279  7627  7627 I flutter : [WearFlowController] render glasses screen=WearScreenId.menu
07-29 23:48:30.280  7627  7627 I flutter : [WearModuleApp] voice command handled command=WearVoiceCommand.up screen=WearScreenId.menu durationMs=1
07-29 23:48:30.282  7627  7627 I flutter : GlassesCoordinator: received method=updateWearGlasses, args={showWifiIcon: true, primaryAction: null, wifiAvailable: true, footerText: null, statusIcon: null, title: Выбор раздела, performanceTraceId: 1:5:3, performanceRecognizedAtMillis: 1785358110278, isError: false, showPrinterIcon: false, secondaryAction: null, screenType: menu, checkLines: [], wifiLevel: 3, performanceSentAtMillis: 1785358110279, phase: idle, bodyLines: [], printerAvailable: false, pageText: null, selectedIndex: 1, isLoading: false, voiceCommandsEnabled: true, subtitle: null, statusText: null, performanceAsrMillis: 561, performanceCommand: up, items: [Печать ценников, Доступность, Справка, Настройки]}
07-29 23:48:30.282  7627  7627 I flutter : [WearGlassesCubit] payload received update#10 screen=menu selectedIndex=1 at=1785358110282
07-29 23:48:30.297  7627  7627 I flutter : [WEAR_PERF] trace=1:5:3 cmd=up asrMs=561 commandToSendMs=1 bridgeMs=3 renderMs=15 totalMs=19 screen=menu index=1
07-29 23:48:30.751  7627  7627 I flutter : [SpeechRecognitionService] VAD_ENDPOINT captureEpoch=1 segmentId=5 chunkId=683 captureAgeMs=14119 rawRms=0.00077 noiseFloorRms=0.00082 adaptiveOnRms=0.00250 adaptiveOffRms=0.00130
07-29 23:48:30.802  7627  7627 I flutter : [VOICE_COMMAND] captureEpoch=1 acousticSegmentId=5 commandUtteranceId=8 routeRevision=4 grammarRevision=4 screen=menu kind=streamFinal text="вверх" command=WearVoiceCommand.up
07-29 23:48:30.802  7627  7627 I flutter : [VOICE_COMMAND] captureEpoch=1 acousticSegmentId=5 commandUtteranceId=8 routeRevision=4 grammarRevision=4 screen=menu kind=partial text="" command=null
07-29 23:48:30.805  7627  7627 I flutter : [VOICE_BOUNDARY] utteranceEndOwner=vad_silence commandUtteranceId=8 text="вверх" forcedCloseMs=49 naturalEndpointWon=false recognizerReplaced=false
07-29 23:48:31.015  7627  7627 I flutter : [SpeechRecognitionService] VAD_START captureEpoch=1 segmentId=6 chunkId=699 captureAgeMs=14383 rawRms=0.00662 noiseFloorRms=0.00082 adaptiveOnRms=0.00250 adaptiveOffRms=0.00130
07-29 23:48:31.547  7627  7627 I flutter : [VOSK][PARTIAL][command] вниз at 1785358111547 (queueDelayMs=4, acceptMs=30, partialMs=4, chunkTotalMs=34)
07-29 23:48:31.547  7627  7627 I flutter : [VOICE_COMMAND] captureEpoch=1 acousticSegmentId=6 commandUtteranceId=9 routeRevision=4 grammarRevision=4 screen=menu kind=partial text="вниз" command=WearVoiceCommand.down
07-29 23:48:31.547  7627  7627 I flutter : [WearVoiceControlService] emitting#4 partial command: WearVoiceCommand.down hasListener=false acousticSpeechToCommandMs=532 decoderUtteranceOpenAgeMs=532
07-29 23:48:31.548  7627  7627 I flutter : [WearModuleApp] voice command received command=WearVoiceCommand.down screen=WearScreenId.menu at=1785358111548
07-29 23:48:31.548  7627  7627 I flutter : [WearFlowController] command=WearVoiceCommand.down state=WearFlowState(screen: WearScreenId.menu, focusedIndex: 1, menuFocusedIndex: 1, isLoading: false, error: null, pendingNavigation: null)
07-29 23:48:31.548  7627  7627 I flutter : [WearFlowController] state=WearFlowState(screen: WearScreenId.menu, focusedIndex: 2, menuFocusedIndex: 2, isLoading: false, error: null, pendingNavigation: null)
07-29 23:48:31.548  7627  7627 I flutter : [WearFlowController] render glasses screen=WearScreenId.menu
07-29 23:48:31.548  7627  7627 I flutter : [WearModuleApp] voice command handled command=WearVoiceCommand.down screen=WearScreenId.menu durationMs=0
07-29 23:48:31.550  7627  7627 I flutter : GlassesCoordinator: received method=updateWearGlasses, args={showWifiIcon: true, primaryAction: null, wifiAvailable: true, footerText: null, statusIcon: null, title: Выбор раздела, performanceTraceId: 1:6:4, performanceRecognizedAtMillis: 1785358111547, isError: false, showPrinterIcon: false, secondaryAction: null, screenType: menu, checkLines: [], wifiLevel: 3, performanceSentAtMillis: 1785358111548, phase: idle, bodyLines: [], printerAvailable: false, pageText: null, selectedIndex: 2, isLoading: false, voiceCommandsEnabled: true, subtitle: null, statusText: null, performanceAsrMillis: 532, performanceCommand: down, items: [Печать ценников, Доступность, Справка, Настройки]}
07-29 23:48:31.550  7627  7627 I flutter : [WearGlassesCubit] payload received update#11 screen=menu selectedIndex=2 at=1785358111550
07-29 23:48:31.558  7627  7627 I flutter : [WEAR_PERF] trace=1:6:4 cmd=down asrMs=532 commandToSendMs=1 bridgeMs=2 renderMs=8 totalMs=11 screen=menu index=2
07-29 23:48:32.057  7627  7627 I flutter : [SpeechRecognitionService] VAD_ENDPOINT captureEpoch=1 segmentId=6 chunkId=748 captureAgeMs=15425 rawRms=0.00073 noiseFloorRms=0.00082 adaptiveOnRms=0.00250 adaptiveOffRms=0.00130
07-29 23:48:32.086  7627  7627 I flutter : [VOICE_COMMAND] captureEpoch=1 acousticSegmentId=6 commandUtteranceId=9 routeRevision=4 grammarRevision=4 screen=menu kind=streamFinal text="вниз" command=WearVoiceCommand.down
07-29 23:48:32.086  7627  7627 I flutter : [VOICE_COMMAND] captureEpoch=1 acousticSegmentId=6 commandUtteranceId=9 routeRevision=4 grammarRevision=4 screen=menu kind=partial text="" command=null
07-29 23:48:32.092  7627  7627 I flutter : [VOICE_BOUNDARY] utteranceEndOwner=vad_silence commandUtteranceId=9 text="вниз" forcedCloseMs=31 naturalEndpointWon=false recognizerReplaced=false
07-29 23:48:32.153  7627  7627 I flutter : [WearVoiceSession] health-check reason=periodic_voice_health isListening=true lastAudioAgeMs=11 lastNonSilentAudioAgeMs=0 continuousZeroAudioAgeMs=null diagnostics=SpeechRecognitionService{isListening=true, isSessionActive=true, isPrepared=true, freeTextEnabled=false, commandRecognizer=true, freeTextRecognizer=false, command={processedChunks=338, queueAvgMs=5, queueMaxMs=51, slowQueueChunks=0, recognizerAvgMs=3, recognizerMaxMs=41, slowRecognizerChunks=0}, freeText={processedChunks=0, queueAvgMs=0, queueMaxMs=0, slowQueueChunks=0, recognizerAvgMs=0, recognizerMaxMs=0, slowRecognizerChunks=0}, lastProcessedAgeMs=95, audio=AudioStreamService{captureId=1, isRunning=true, registeredDataConsumers=0, registeredPcmConsumers=1, receivedPcmPackets=472, lastChunkAgeMs=12, lastNonSilentAgeMs=12, continuousZeroAudioAgeMs=null, inputDevice=UAC4, startupWavPath=/data/user/0/ru.tander.smart_glasses/cache/voice_capture/capture_1_1785358096632_uac4.wav startupWavBytes=256000, runningForMs=15520}}
07-29 23:48:32.295  7627  7627 I flutter : [SpeechRecognitionService] VAD_START captureEpoch=1 segmentId=7 chunkId=764 captureAgeMs=15663 rawRms=0.00835 noiseFloorRms=0.00080 adaptiveOnRms=0.00250 adaptiveOffRms=0.00130
07-29 23:48:32.844  7627  7627 I flutter : [VOSK][PARTIAL][command] вверх at 1785358112843 (queueDelayMs=0, acceptMs=30, partialMs=2, chunkTotalMs=32)
07-29 23:48:32.844  7627  7627 I flutter : [VOICE_COMMAND] captureEpoch=1 acousticSegmentId=7 commandUtteranceId=10 routeRevision=4 grammarRevision=4 screen=menu kind=partial text="вверх" command=WearVoiceCommand.up
07-29 23:48:32.845  7627  7627 I flutter : [WearVoiceControlService] emitting#5 partial command: WearVoiceCommand.up hasListener=false acousticSpeechToCommandMs=550 decoderUtteranceOpenAgeMs=550
07-29 23:48:32.845  7627  7627 I flutter : [WearModuleApp] voice command received command=WearVoiceCommand.up screen=WearScreenId.menu at=1785358112845
07-29 23:48:32.845  7627  7627 I flutter : [WearFlowController] command=WearVoiceCommand.up state=WearFlowState(screen: WearScreenId.menu, focusedIndex: 2, menuFocusedIndex: 2, isLoading: false, error: null, pendingNavigation: null)
07-29 23:48:32.845  7627  7627 I flutter : [WearFlowController] state=WearFlowState(screen: WearScreenId.menu, focusedIndex: 1, menuFocusedIndex: 1, isLoading: false, error: null, pendingNavigation: null)
07-29 23:48:32.846  7627  7627 I flutter : [WearFlowController] render glasses screen=WearScreenId.menu
07-29 23:48:32.846  7627  7627 I flutter : [WearModuleApp] voice command handled command=WearVoiceCommand.up screen=WearScreenId.menu durationMs=1
07-29 23:48:32.847  7627  7627 I flutter : GlassesCoordinator: received method=updateWearGlasses, args={showWifiIcon: true, primaryAction: null, wifiAvailable: true, footerText: null, statusIcon: null, title: Выбор раздела, performanceTraceId: 1:7:5, performanceRecognizedAtMillis: 1785358112845, isError: false, showPrinterIcon: false, secondaryAction: null, screenType: menu, checkLines: [], wifiLevel: 3, performanceSentAtMillis: 1785358112846, phase: idle, bodyLines: [], printerAvailable: false, pageText: null, selectedIndex: 1, isLoading: false, voiceCommandsEnabled: true, subtitle: null, statusText: null, performanceAsrMillis: 550, performanceCommand: up, items: [Печать ценников, Доступность, Справка, Настройки]}
07-29 23:48:32.847  7627  7627 I flutter : [WearGlassesCubit] payload received update#12 screen=menu selectedIndex=1 at=1785358112847
07-29 23:48:32.858  7627  7627 I flutter : [WEAR_PERF] trace=1:7:5 cmd=up asrMs=550 commandToSendMs=1 bridgeMs=1 renderMs=11 totalMs=13 screen=menu index=1
07-29 23:48:33.390  7627  7627 I flutter : [SpeechRecognitionService] VAD_ENDPOINT captureEpoch=1 segmentId=7 chunkId=816 captureAgeMs=16758 rawRms=0.00086 noiseFloorRms=0.00080 adaptiveOnRms=0.00250 adaptiveOffRms=0.00130
07-29 23:48:33.391  7627  7627 I flutter : [SpeechRecognitionService] processing source=command chunk#400 bytes=640 queueDelayMs=1 epoch=null
07-29 23:48:33.442  7627  7627 I flutter : [VOICE_COMMAND] captureEpoch=1 acousticSegmentId=7 commandUtteranceId=10 routeRevision=4 grammarRevision=4 screen=menu kind=streamFinal text="вверх" command=WearVoiceCommand.up
07-29 23:48:33.443  7627  7627 I flutter : [VOICE_COMMAND] captureEpoch=1 acousticSegmentId=7 commandUtteranceId=10 routeRevision=4 grammarRevision=4 screen=menu kind=partial text="" command=null
07-29 23:48:33.448  7627  7627 I flutter : [VOICE_BOUNDARY] utteranceEndOwner=vad_silence commandUtteranceId=10 text="вверх" forcedCloseMs=52 naturalEndpointWon=false recognizerReplaced=false
07-29 23:48:33.589  7627  7627 I flutter : [SpeechRecognitionService] VAD_START captureEpoch=1 segmentId=8 chunkId=829 captureAgeMs=16957 rawRms=0.01271 noiseFloorRms=0.00081 adaptiveOnRms=0.00250 adaptiveOffRms=0.00130
07-29 23:48:33.873  7627  7627 I flutter : [VOSK][PARTIAL][command] настройки at 1785358113873 (queueDelayMs=3, acceptMs=27, partialMs=6, chunkTotalMs=33)
07-29 23:48:33.873  7627  7627 I flutter : [VOICE_COMMAND] captureEpoch=1 acousticSegmentId=8 commandUtteranceId=11 routeRevision=4 grammarRevision=4 screen=menu kind=partial text="настройки" command=WearVoiceCommand.openSettings
07-29 23:48:34.025  7627  7627 I flutter : [WearVoiceControlService] emitting#6 stable_partial command: WearVoiceCommand.openSettings hasListener=false acousticSpeechToCommandMs=436 decoderUtteranceOpenAgeMs=436
07-29 23:48:34.026  7627  7627 I flutter : [WearModuleApp] voice command received command=WearVoiceCommand.openSettings screen=WearScreenId.menu at=1785358114026
07-29 23:48:34.026  7627  7627 I flutter : [WearFlowController] command=WearVoiceCommand.openSettings state=WearFlowState(screen: WearScreenId.menu, focusedIndex: 1, menuFocusedIndex: 1, isLoading: false, error: null, pendingNavigation: null)
07-29 23:48:34.026  7627  7627 I flutter : [WearFlowController] state=WearFlowState(screen: WearScreenId.menu, focusedIndex: 3, menuFocusedIndex: 3, isLoading: false, error: null, pendingNavigation: null)
07-29 23:48:34.026  7627  7627 I flutter : [WearFlowController] render glasses screen=WearScreenId.menu
07-29 23:48:34.026  7627  7627 I flutter : [WearFlowController] state=WearFlowState(screen: WearScreenId.settings, focusedIndex: 3, menuFocusedIndex: 3, isLoading: false, error: null, pendingNavigation: WearNavigationRequest(requestId: 1, screen: WearScreenId.settings, extra: null, replaceCurrent: false, popCurrent: false))
07-29 23:48:34.026  7627  7627 I flutter : [WearFlowController] render glasses screen=WearScreenId.settings
07-29 23:48:34.026  7627  7627 I flutter : [WearFlowController] request navigation target=WearNavigationRequest(requestId: 1, screen: WearScreenId.settings, extra: null, replaceCurrent: false, popCurrent: false)
07-29 23:48:34.026  7627  7627 I flutter : [WearFlowController] ui active flush pendingNavigation=WearNavigationRequest(requestId: 1, screen: WearScreenId.settings, extra: null, replaceCurrent: false, popCurrent: false)
07-29 23:48:34.026  7627  7627 I flutter : [FlutterWearNavigationOutput] goTo screen=WearScreenId.settings route=/wear_settings extra=null
07-29 23:48:34.026  7627  7627 I flutter : [ROUTER-CHANGE] matchedLocation=/wear_settings currentScreen=WearScreenId.settings
07-29 23:48:34.027  7627  7627 I flutter : [WearFlowController] navigation acknowledged request=WearNavigationRequest(requestId: 1, screen: WearScreenId.settings, extra: null, replaceCurrent: false, popCurrent: false)
07-29 23:48:34.027  7627  7627 I flutter : [WearFlowController] state=WearFlowState(screen: WearScreenId.settings, focusedIndex: 3, menuFocusedIndex: 3, isLoading: false, error: null, pendingNavigation: null)
07-29 23:48:34.027  7627  7627 I flutter : [VOICE-ROUTE] route changed location=/wear_settings screen=WearScreenId.settings diagnostics=SpeechRecognitionService{isListening=true, isSessionActive=true, isPrepared=true, freeTextEnabled=false, commandRecognizer=true, freeTextRecognizer=false, command={processedChunks=427, queueAvgMs=5, queueMaxMs=51, slowQueueChunks=0, recognizerAvgMs=3, recognizerMaxMs=41, slowRecognizerChunks=0}, freeText={processedChunks=0, queueAvgMs=0, queueMaxMs=0, slowQueueChunks=0, recognizerAvgMs=0, recognizerMaxMs=0, slowRecognizerChunks=0}, lastProcessedAgeMs=90, audio=AudioStreamService{captureId=1, isRunning=true, registeredDataConsumers=0, registeredPcmConsumers=1, receivedPcmPackets=528, lastChunkAgeMs=90, lastNonSilentAgeMs=90, continuousZeroAudioAgeMs=null, inputDevice=UAC4, startupWavPath=/data/user/0/ru.tander.smart_glasses/cache/voice_capture/capture_1_1785358096632_uac4.wav startupWavBytes=256000, runningForMs=17395}}
07-29 23:48:34.027  7627  7627 I flutter : [WearVoiceSession] configureForScreen screen=WearScreenId.settings mode=grammar
07-29 23:48:34.027  7627  7627 I flutter : [WearModuleApp] voice command handled command=WearVoiceCommand.openSettings screen=WearScreenId.settings durationMs=1
07-29 23:48:34.030  7627  7627 I flutter : GlassesCoordinator: received method=updateWearGlasses, args={showWifiIcon: true, primaryAction: null, wifiAvailable: true, footerText: null, statusIcon: null, title: Настройки, performanceTraceId: null, performanceRecognizedAtMillis: null, isError: false, showPrinterIcon: false, secondaryAction: null, screenType: status, checkLines: [], wifiLevel: 3, performanceSentAtMillis: null, phase: success, bodyLines: [], printerAvailable: false, pageText: null, selectedIndex: 0, isLoading: false, voiceCommandsEnabled: true, subtitle: null, statusText: Открываем настройки..., performanceAsrMillis: null, performanceCommand: null, items: []}
07-29 23:48:34.030  7627  7627 I flutter : [WearGlassesCubit] payload received update#13 screen=status selectedIndex=0 at=1785358114030
07-29 23:48:34.036  7627  7627 I flutter : [VOICE_GRAMMAR] screen=WearScreenId.settings routeRevision=5 grammarRevision=5 phrases=2 switchMs=9
07-29 23:48:34.036  7627  7627 I flutter : [SpeechRecognitionService] setFreeTextEnabled skipped enabled=false
07-29 23:48:34.049  7627  7627 I flutter : [STACK-DEBUG] didPush: route=/wear_settings, previousRoute=/wear_menu
07-29 23:48:34.050  7627  7627 I flutter : [WearFlowController] state=WearFlowState(screen: WearScreenId.settings, focusedIndex: 3, menuFocusedIndex: 3, isLoading: false, error: null, pendingNavigation: null)
07-29 23:48:34.050  7627  7627 I flutter : [WearFlowController] render glasses screen=WearScreenId.settings
07-29 23:48:34.050  7627  7627 I flutter : [WearFlowController] register actions screen=WearScreenId.settings
07-29 23:48:34.067  7627  7627 I flutter : [WearVoiceSession] configureForScreen screen=WearScreenId.settings mode=grammar
07-29 23:48:34.073  7627  7627 I flutter : GlassesCoordinator: received method=updateWearGlasses, args={showWifiIcon: true, primaryAction: null, wifiAvailable: true, footerText: null, statusIcon: null, title: Настройки, performanceTraceId: null, performanceRecognizedAtMillis: null, isError: false, showPrinterIcon: false, secondaryAction: null, screenType: status, checkLines: [], wifiLevel: 3, performanceSentAtMillis: null, phase: success, bodyLines: [], printerAvailable: false, pageText: null, selectedIndex: 0, isLoading: false, voiceCommandsEnabled: true, subtitle: null, statusText: Открываем настройки..., performanceAsrMillis: null, performanceCommand: null, items: []}
07-29 23:48:34.073  7627  7627 I flutter : [WearGlassesCubit] payload received update#14 screen=status selectedIndex=0 at=1785358114073
07-29 23:48:34.075  7627  7627 I flutter : [VOICE_GRAMMAR] screen=WearScreenId.settings routeRevision=6 grammarRevision=6 phrases=5 switchMs=7
07-29 23:48:34.075  7627  7627 I flutter : [SpeechRecognitionService] setFreeTextEnabled skipped enabled=false
07-29 23:48:34.604  7627  7627 I flutter : [SpeechRecognitionService] VAD_ENDPOINT captureEpoch=1 segmentId=8 chunkId=875 captureAgeMs=17972 rawRms=0.00076 noiseFloorRms=0.00081 adaptiveOnRms=0.00250 adaptiveOffRms=0.00130
07-29 23:48:34.652  7627  7627 I flutter : [VOICE_COMMAND] captureEpoch=1 acousticSegmentId=8 commandUtteranceId=13 routeRevision=6 grammarRevision=6 screen=settings kind=partial text="" command=null
07-29 23:48:34.657  7627  7627 I flutter : [VOICE_BOUNDARY] utteranceEndOwner=vad_silence commandUtteranceId=13 text="" forcedCloseMs=46 naturalEndpointWon=false recognizerReplaced=false
07-29 23:48:35.156  7627  7627 I flutter : [WearVoiceSession] health-check reason=periodic_voice_health isListening=true lastAudioAgeMs=14 lastNonSilentAudioAgeMs=0 continuousZeroAudioAgeMs=null diagnostics=SpeechRecognitionService{isListening=true, isSessionActive=true, isPrepared=true, freeTextEnabled=false, commandRecognizer=true, freeTextRecognizer=false, command={processedChunks=458, queueAvgMs=5, queueMaxMs=51, slowQueueChunks=0, recognizerAvgMs=3, recognizerMaxMs=41, slowRecognizerChunks=0}, freeText={processedChunks=0, queueAvgMs=0, queueMaxMs=0, slowQueueChunks=0, recognizerAvgMs=0, recognizerMaxMs=0, slowRecognizerChunks=0}, lastProcessedAgeMs=548, audio=AudioStreamService{captureId=1, isRunning=true, registeredDataConsumers=0, registeredPcmConsumers=1, receivedPcmPackets=567, lastChunkAgeMs=1, lastNonSilentAgeMs=1, continuousZeroAudioAgeMs=null, inputDevice=UAC4, startupWavPath=/data/user/0/ru.tander.smart_glasses/cache/voice_capture/capture_1_1785358096632_uac4.wav startupWavBytes=256000, runningForMs=18524}}
07-29 23:48:36.217  7627  7627 I flutter : [VoiceCapture#1] chunk#600 bytes=1024 registeredDataConsumers=0 registeredPcmConsumers=1 rawRms=0.00076 rawPeak=0.00223 postGainRms=0.00076 postGainPeak=0.00223 at=1785358116217
07-29 23:48:38.153  7627  7627 I flutter : [WearVoiceSession] health-check reason=periodic_voice_health isListening=true lastAudioAgeMs=1 lastNonSilentAudioAgeMs=0 continuousZeroAudioAgeMs=null diagnostics=SpeechRecognitionService{isListening=true, isSessionActive=true, isPrepared=true, freeTextEnabled=false, commandRecognizer=true, freeTextRecognizer=false, command={processedChunks=458, queueAvgMs=5, queueMaxMs=51, slowQueueChunks=0, recognizerAvgMs=3, recognizerMaxMs=41, slowRecognizerChunks=0}, freeText={processedChunks=0, queueAvgMs=0, queueMaxMs=0, slowQueueChunks=0, recognizerAvgMs=0, recognizerMaxMs=0, slowRecognizerChunks=0}, lastProcessedAgeMs=3545, audio=AudioStreamService{captureId=1, isRunning=true, registeredDataConsumers=0, registeredPcmConsumers=1, receivedPcmPackets=658, lastChunkAgeMs=2, lastNonSilentAgeMs=2, continuousZeroAudioAgeMs=null, inputDevice=UAC4, startupWavPath=/data/user/0/ru.tander.smart_glasses/cache/voice_capture/capture_1_1785358096632_uac4.wav startupWavBytes=256000, runningForMs=21521}}
07-29 23:48:39.962  7627  7627 I flutter : [SpeechRecognitionService] VAD_START captureEpoch=1 segmentId=9 chunkId=1141 captureAgeMs=23330 rawRms=0.01384 noiseFloorRms=0.00076 adaptiveOnRms=0.00250 adaptiveOffRms=0.00130
07-29 23:48:40.089  7627  7627 I flutter : [VOSK][PARTIAL][command] назад at 1785358120088 (queueDelayMs=18, acceptMs=33, partialMs=7, chunkTotalMs=40)
07-29 23:48:40.089  7627  7627 I flutter : [VOICE_COMMAND] captureEpoch=1 acousticSegmentId=9 commandUtteranceId=14 routeRevision=6 grammarRevision=6 screen=settings kind=partial text="назад" command=WearVoiceCommand.back
07-29 23:48:40.244  7627  7627 I flutter : [WearVoiceControlService] emitting#7 stable_partial command: WearVoiceCommand.back hasListener=false acousticSpeechToCommandMs=282 decoderUtteranceOpenAgeMs=281
07-29 23:48:40.245  7627  7627 I flutter : [WearModuleApp] voice command received command=WearVoiceCommand.back screen=WearScreenId.settings at=1785358120245
07-29 23:48:40.245  7627  7627 I flutter : [WearFlowController] command=WearVoiceCommand.back state=WearFlowState(screen: WearScreenId.settings, focusedIndex: 3, menuFocusedIndex: 3, isLoading: false, error: null, pendingNavigation: null)
07-29 23:48:40.245  7627  7627 I flutter : [WearFlowController] no screen action screen=WearScreenId.settings
07-29 23:48:40.245  7627  7627 I flutter : [WearFlowController] request navigation back
07-29 23:48:40.246  7627  7627 I flutter : [ROUTER-CHANGE] matchedLocation=/wear_menu currentScreen=WearScreenId.settings
07-29 23:48:40.246  7627  7627 I flutter : [ROUTER-CHANGE] enterScreen WearScreenId.menu
07-29 23:48:40.246  7627  7627 I flutter : [WearFlowController] state=WearFlowState(screen: WearScreenId.menu, focusedIndex: 3, menuFocusedIndex: 3, isLoading: false, error: null, pendingNavigation: null)
07-29 23:48:40.246  7627  7627 I flutter : [WearFlowController] render glasses screen=WearScreenId.menu
07-29 23:48:40.246  7627  7627 I flutter : [STACK-DEBUG] didPop: route=/wear_settings, previousRoute=/wear_menu
07-29 23:48:40.246  7627  7627 I flutter : [VOICE-ROUTE] route changed location=/wear_menu screen=WearScreenId.menu diagnostics=SpeechRecognitionService{isListening=true, isSessionActive=true, isPrepared=true, freeTextEnabled=false, commandRecognizer=true, freeTextRecognizer=false, command={processedChunks=486, queueAvgMs=6, queueMaxMs=52, slowQueueChunks=0, recognizerAvgMs=3, recognizerMaxMs=41, slowRecognizerChunks=0}, freeText={processedChunks=0, queueAvgMs=0, queueMaxMs=0, slowQueueChunks=0, recognizerAvgMs=0, recognizerMaxMs=0, slowRecognizerChunks=0}, lastProcessedAgeMs=15, audio=AudioStreamService{captureId=1, isRunning=true, registeredDataConsumers=0, registeredPcmConsumers=1, receivedPcmPackets=724, lastChunkAgeMs=19, lastNonSilentAgeMs=19, continuousZeroAudioAgeMs=null, inputDevice=UAC4, startupWavPath=/data/user/0/ru.tander.smart_glasses/cache/voice_capture/capture_1_1785358096632_uac4.wav startupWavBytes=256000, runningForMs=23614}}
07-29 23:48:40.246  7627  7627 I flutter : [WearVoiceSession] configureForScreen screen=WearScreenId.menu mode=grammar
07-29 23:48:40.247  7627  7627 I flutter : [WearModuleApp] voice command handled command=WearVoiceCommand.back screen=WearScreenId.menu durationMs=2
07-29 23:48:40.249  7627  7627 I flutter : GlassesCoordinator: received method=updateWearGlasses, args={showWifiIcon: true, primaryAction: null, wifiAvailable: true, footerText: null, statusIcon: null, title: Выбор раздела, performanceTraceId: 1:9:7, performanceRecognizedAtMillis: 1785358120244, isError: false, showPrinterIcon: false, secondaryAction: null, screenType: menu, checkLines: [], wifiLevel: 3, performanceSentAtMillis: 1785358120246, phase: idle, bodyLines: [], printerAvailable: false, pageText: null, selectedIndex: 3, isLoading: false, voiceCommandsEnabled: true, subtitle: null, statusText: null, performanceAsrMillis: 282, performanceCommand: back, items: [Печать ценников, Доступность, Справка, Настройки]}
07-29 23:48:40.249  7627  7627 I flutter : [WearGlassesCubit] payload received update#15 screen=menu selectedIndex=3 at=1785358120249
07-29 23:48:40.256  7627  7627 I flutter : [VOICE_GRAMMAR] screen=WearScreenId.menu routeRevision=7 grammarRevision=7 phrases=10 switchMs=9
07-29 23:48:40.256  7627  7627 I flutter : [SpeechRecognitionService] setFreeTextEnabled skipped enabled=false
07-29 23:48:40.266  7627  7627 I flutter : [WEAR_PERF] trace=1:9:7 cmd=back asrMs=282 commandToSendMs=2 bridgeMs=3 renderMs=17 totalMs=22 screen=menu index=3
07-29 23:48:40.763  7627  7627 I flutter : [WearFlowController] unregister actions screen=WearScreenId.settings
07-29 23:48:40.775  7627  7627 I flutter : [SpeechRecognitionService] VAD_ENDPOINT captureEpoch=1 segmentId=9 chunkId=1183 captureAgeMs=24143 rawRms=0.00073 noiseFloorRms=0.00076 adaptiveOnRms=0.00250 adaptiveOffRms=0.00130
07-29 23:48:40.801  7627  7627 I flutter : [VOICE_COMMAND] captureEpoch=1 acousticSegmentId=9 commandUtteranceId=15 routeRevision=7 grammarRevision=7 screen=menu kind=partial text="" command=null
07-29 23:48:40.807  7627  7627 I flutter : [VOICE_BOUNDARY] utteranceEndOwner=vad_silence commandUtteranceId=15 text="" forcedCloseMs=29 naturalEndpointWon=false recognizerReplaced=false
07-29 23:48:41.152  7627  7627 I flutter : [WearVoiceSession] health-check reason=periodic_voice_health isListening=true lastAudioAgeMs=109 lastNonSilentAudioAgeMs=0 continuousZeroAudioAgeMs=null diagnostics=SpeechRecognitionService{isListening=true, isSessionActive=true, isPrepared=true, freeTextEnabled=false, commandRecognizer=true, freeTextRecognizer=false, command={processedChunks=511, queueAvgMs=6, queueMaxMs=52, slowQueueChunks=0, recognizerAvgMs=3, recognizerMaxMs=41, slowRecognizerChunks=0}, freeText={processedChunks=0, queueAvgMs=0, queueMaxMs=0, slowQueueChunks=0, recognizerAvgMs=0, recognizerMaxMs=0, slowRecognizerChunks=0}, lastProcessedAgeMs=377, audio=AudioStreamService{captureId=1, isRunning=true, registeredDataConsumers=0, registeredPcmConsumers=1, receivedPcmPackets=752, lastChunkAgeMs=110, lastNonSilentAgeMs=110, continuousZeroAudioAgeMs=null, inputDevice=UAC4, startupWavPath=/data/user/0/ru.tander.smart_glasses/cache/voice_capture/capture_1_1785358096632_uac4.wav startupWavBytes=256000, runningForMs=24520}}
07-29 23:48:41.806  7627  7627 I flutter : [SpeechRecognitionService] VAD_START captureEpoch=1 segmentId=10 chunkId=1240 captureAgeMs=25174 rawRms=0.00788 noiseFloorRms=0.00078 adaptiveOnRms=0.00250 adaptiveOffRms=0.00130
07-29 23:48:42.341  7627  7627 I flutter : [VOSK][PARTIAL][command] вверх at 1785358122341 (queueDelayMs=0, acceptMs=31, partialMs=1, chunkTotalMs=32)
07-29 23:48:42.341  7627  7627 I flutter : [VOICE_COMMAND] captureEpoch=1 acousticSegmentId=10 commandUtteranceId=16 routeRevision=7 grammarRevision=7 screen=menu kind=partial text="вверх" command=WearVoiceCommand.up
07-29 23:48:42.341  7627  7627 I flutter : [WearVoiceControlService] emitting#8 partial command: WearVoiceCommand.up hasListener=false acousticSpeechToCommandMs=535 decoderUtteranceOpenAgeMs=535
07-29 23:48:42.342  7627  7627 I flutter : [WearModuleApp] voice command received command=WearVoiceCommand.up screen=WearScreenId.menu at=1785358122341
07-29 23:48:42.342  7627  7627 I flutter : [WearFlowController] command=WearVoiceCommand.up state=WearFlowState(screen: WearScreenId.menu, focusedIndex: 3, menuFocusedIndex: 3, isLoading: false, error: null, pendingNavigation: null)
07-29 23:48:42.342  7627  7627 I flutter : [WearFlowController] state=WearFlowState(screen: WearScreenId.menu, focusedIndex: 2, menuFocusedIndex: 2, isLoading: false, error: null, pendingNavigation: null)
07-29 23:48:42.342  7627  7627 I flutter : [WearFlowController] render glasses screen=WearScreenId.menu
07-29 23:48:42.342  7627  7627 I flutter : [WearModuleApp] voice command handled command=WearVoiceCommand.up screen=WearScreenId.menu durationMs=1
07-29 23:48:42.343  7627  7627 I flutter : GlassesCoordinator: received method=updateWearGlasses, args={showWifiIcon: true, primaryAction: null, wifiAvailable: true, footerText: null, statusIcon: null, title: Выбор раздела, performanceTraceId: 1:10:8, performanceRecognizedAtMillis: 1785358122341, isError: false, showPrinterIcon: false, secondaryAction: null, screenType: menu, checkLines: [], wifiLevel: 3, performanceSentAtMillis: 1785358122342, phase: idle, bodyLines: [], printerAvailable: false, pageText: null, selectedIndex: 2, isLoading: false, voiceCommandsEnabled: true, subtitle: null, statusText: null, performanceAsrMillis: 535, performanceCommand: up, items: [Печать ценников, Доступность, Справка, Настройки]}
07-29 23:48:42.343  7627  7627 I flutter : [WearGlassesCubit] payload received update#16 screen=menu selectedIndex=2 at=1785358122343
07-29 23:48:42.357  7627  7627 I flutter : [WEAR_PERF] trace=1:10:8 cmd=up asrMs=535 commandToSendMs=1 bridgeMs=1 renderMs=14 totalMs=16 screen=menu index=2
07-29 23:48:42.645  7627  7627 I flutter : [VoiceCapture#1] chunk#800 bytes=1024 registeredDataConsumers=0 registeredPcmConsumers=1 rawRms=0.00086 rawPeak=0.00223 postGainRms=0.00086 postGainPeak=0.00223 at=1785358122645
07-29 23:48:42.834  7627  7627 I flutter : [SpeechRecognitionService] VAD_ENDPOINT captureEpoch=1 segmentId=10 chunkId=1289 captureAgeMs=26202 rawRms=0.00072 noiseFloorRms=0.00078 adaptiveOnRms=0.00250 adaptiveOffRms=0.00130
07-29 23:48:42.859  7627  7627 I flutter : [VOICE_COMMAND] captureEpoch=1 acousticSegmentId=10 commandUtteranceId=16 routeRevision=7 grammarRevision=7 screen=menu kind=streamFinal text="вверх" command=WearVoiceCommand.up
07-29 23:48:42.859  7627  7627 I flutter : [VOICE_COMMAND] captureEpoch=1 acousticSegmentId=10 commandUtteranceId=16 routeRevision=7 grammarRevision=7 screen=menu kind=partial text="" command=null
07-29 23:48:42.863  7627  7627 I flutter : [VOICE_BOUNDARY] utteranceEndOwner=vad_silence commandUtteranceId=16 text="вверх" forcedCloseMs=27 naturalEndpointWon=false recognizerReplaced=false
07-29 23:48:43.058  7627  7627 I flutter : [SpeechRecognitionService] VAD_START captureEpoch=1 segmentId=11 chunkId=1301 captureAgeMs=26425 rawRms=0.00658 noiseFloorRms=0.00080 adaptiveOnRms=0.00250 adaptiveOffRms=0.00130
07-29 23:48:43.521  7627  7627 I flutter : [SpeechRecognitionService] processing source=command chunk#600 bytes=640 queueDelayMs=0 epoch=null
07-29 23:48:43.566  7627  7627 I flutter : [VOSK][PARTIAL][command] вверх at 1785358123566 (queueDelayMs=3, acceptMs=25, partialMs=4, chunkTotalMs=29)
07-29 23:48:43.566  7627  7627 I flutter : [VOICE_COMMAND] captureEpoch=1 acousticSegmentId=11 commandUtteranceId=17 routeRevision=7 grammarRevision=7 screen=menu kind=partial text="вверх" command=WearVoiceCommand.up
07-29 23:48:43.566  7627  7627 I flutter : [WearVoiceControlService] emitting#9 partial command: WearVoiceCommand.up hasListener=false acousticSpeechToCommandMs=508 decoderUtteranceOpenAgeMs=508
07-29 23:48:43.566  7627  7627 I flutter : [WearModuleApp] voice command received command=WearVoiceCommand.up screen=WearScreenId.menu at=1785358123566
07-29 23:48:43.566  7627  7627 I flutter : [WearFlowController] command=WearVoiceCommand.up state=WearFlowState(screen: WearScreenId.menu, focusedIndex: 2, menuFocusedIndex: 2, isLoading: false, error: null, pendingNavigation: null)
07-29 23:48:43.566  7627  7627 I flutter : [WearFlowController] state=WearFlowState(screen: WearScreenId.menu, focusedIndex: 1, menuFocusedIndex: 1, isLoading: false, error: null, pendingNavigation: null)
07-29 23:48:43.566  7627  7627 I flutter : [WearFlowController] render glasses screen=WearScreenId.menu
07-29 23:48:43.567  7627  7627 I flutter : [WearModuleApp] voice command handled command=WearVoiceCommand.up screen=WearScreenId.menu durationMs=0
07-29 23:48:43.568  7627  7627 I flutter : GlassesCoordinator: received method=updateWearGlasses, args={showWifiIcon: true, primaryAction: null, wifiAvailable: true, footerText: null, statusIcon: null, title: Выбор раздела, performanceTraceId: 1:11:9, performanceRecognizedAtMillis: 1785358123566, isError: false, showPrinterIcon: false, secondaryAction: null, screenType: menu, checkLines: [], wifiLevel: 3, performanceSentAtMillis: 1785358123566, phase: idle, bodyLines: [], printerAvailable: false, pageText: null, selectedIndex: 1, isLoading: false, voiceCommandsEnabled: true, subtitle: null, statusText: null, performanceAsrMillis: 508, performanceCommand: up, items: [Печать ценников, Доступность, Справка, Настройки]}
07-29 23:48:43.568  7627  7627 I flutter : [WearGlassesCubit] payload received update#17 screen=menu selectedIndex=1 at=1785358123568
07-29 23:48:43.586  7627  7627 I flutter : [WEAR_PERF] trace=1:11:9 cmd=up asrMs=508 commandToSendMs=0 bridgeMs=2 renderMs=18 totalMs=20 screen=menu index=1
07-29 23:48:43.852  7627  7627 I flutter : [SpeechRecognitionService] VAD_ENDPOINT captureEpoch=1 segmentId=11 chunkId=1339 captureAgeMs=27220 rawRms=0.00083 noiseFloorRms=0.00080 adaptiveOnRms=0.00250 adaptiveOffRms=0.00130
07-29 23:48:43.884  7627  7627 I flutter : [VOICE_COMMAND] captureEpoch=1 acousticSegmentId=11 commandUtteranceId=17 routeRevision=7 grammarRevision=7 screen=menu kind=streamFinal text="вверх" command=WearVoiceCommand.up
07-29 23:48:43.885  7627  7627 I flutter : [VOICE_COMMAND] captureEpoch=1 acousticSegmentId=11 commandUtteranceId=17 routeRevision=7 grammarRevision=7 screen=menu kind=partial text="" command=null
07-29 23:48:43.887  7627  7627 I flutter : [VOICE_BOUNDARY] utteranceEndOwner=vad_silence commandUtteranceId=17 text="вверх" forcedCloseMs=31 naturalEndpointWon=false recognizerReplaced=false
07-29 23:48:44.153  7627  7627 I flutter : [WearVoiceSession] health-check reason=periodic_voice_health isListening=true lastAudioAgeMs=51 lastNonSilentAudioAgeMs=0 continuousZeroAudioAgeMs=null diagnostics=SpeechRecognitionService{isListening=true, isSessionActive=true, isPrepared=true, freeTextEnabled=false, commandRecognizer=true, freeTextRecognizer=false, command={processedChunks=620, queueAvgMs=6, queueMaxMs=52, slowQueueChunks=0, recognizerAvgMs=3, recognizerMaxMs=41, slowRecognizerChunks=0}, freeText={processedChunks=0, queueAvgMs=0, queueMaxMs=0, slowQueueChunks=0, recognizerAvgMs=0, recognizerMaxMs=0, slowRecognizerChunks=0}, lastProcessedAgeMs=298, audio=AudioStreamService{captureId=1, isRunning=true, registeredDataConsumers=0, registeredPcmConsumers=1, receivedPcmPackets=848, lastChunkAgeMs=52, lastNonSilentAgeMs=52, continuousZeroAudioAgeMs=null, inputDevice=UAC4, startupWavPath=/data/user/0/ru.tander.smart_glasses/cache/voice_capture/capture_1_1785358096632_uac4.wav startupWavBytes=256000, runningForMs=27521}}
07-29 23:48:44.333  7627  7627 I flutter : [SpeechRecognitionService] VAD_START captureEpoch=1 segmentId=12 chunkId=1365 captureAgeMs=27701 rawRms=0.00875 noiseFloorRms=0.00081 adaptiveOnRms=0.00250 adaptiveOffRms=0.00130
07-29 23:48:44.869  7627  7627 I flutter : [VOSK][PARTIAL][command] вверх at 1785358124869 (queueDelayMs=0, acceptMs=33, partialMs=3, chunkTotalMs=36)
07-29 23:48:44.870  7627  7627 I flutter : [VOICE_COMMAND] captureEpoch=1 acousticSegmentId=12 commandUtteranceId=18 routeRevision=7 grammarRevision=7 screen=menu kind=partial text="вверх" command=WearVoiceCommand.up
07-29 23:48:44.870  7627  7627 I flutter : [WearVoiceControlService] emitting#10 partial command: WearVoiceCommand.up hasListener=false acousticSpeechToCommandMs=537 decoderUtteranceOpenAgeMs=537
07-29 23:48:44.871  7627  7627 I flutter : [WearModuleApp] voice command received command=WearVoiceCommand.up screen=WearScreenId.menu at=1785358124871
07-29 23:48:44.872  7627  7627 I flutter : [WearFlowController] command=WearVoiceCommand.up state=WearFlowState(screen: WearScreenId.menu, focusedIndex: 1, menuFocusedIndex: 1, isLoading: false, error: null, pendingNavigation: null)
07-29 23:48:44.872  7627  7627 I flutter : [WearFlowController] state=WearFlowState(screen: WearScreenId.menu, focusedIndex: 0, menuFocusedIndex: 0, isLoading: false, error: null, pendingNavigation: null)
07-29 23:48:44.872  7627  7627 I flutter : [WearFlowController] render glasses screen=WearScreenId.menu
07-29 23:48:44.873  7627  7627 I flutter : [WearModuleApp] voice command handled command=WearVoiceCommand.up screen=WearScreenId.menu durationMs=2
07-29 23:48:44.874  7627  7627 I flutter : GlassesCoordinator: received method=updateWearGlasses, args={showWifiIcon: true, primaryAction: null, wifiAvailable: true, footerText: null, statusIcon: null, title: Выбор раздела, performanceTraceId: 1:12:10, performanceRecognizedAtMillis: 1785358124870, isError: false, showPrinterIcon: false, secondaryAction: null, screenType: menu, checkLines: [], wifiLevel: 3, performanceSentAtMillis: 1785358124872, phase: idle, bodyLines: [], printerAvailable: false, pageText: null, selectedIndex: 0, isLoading: false, voiceCommandsEnabled: true, subtitle: null, statusText: null, performanceAsrMillis: 537, performanceCommand: up, items: [Печать ценников, Доступность, Справка, Настройки]}
07-29 23:48:44.875  7627  7627 I flutter : [WearGlassesCubit] payload received update#18 screen=menu selectedIndex=0 at=1785358124875
07-29 23:48:44.884  7627  7627 I flutter : [WEAR_PERF] trace=1:12:10 cmd=up asrMs=537 commandToSendMs=2 bridgeMs=3 renderMs=9 totalMs=14 screen=menu index=0
